RLU8 Object Linker, Ver.1.60.3 Linkage Information
[Tue Aug 19 23:52:52 2025]


                         ------------------
                          Control Synopsis
                         ------------------

I/O controls:    D  SD NS NA
Other controls: CC ABW 
                COMB( $$content_of_init $$end_of_init )
                COMB( $$init_info $$init_info_end )



                        ------------------------
                         Object Module Synopsis
                        ------------------------
                                                                Creator
Module Name           File Name                                 CCU8     RASU8
-----------           ---------                                 -----    -----
io                    .\src\io.obj                              3.66     1.80
legacy_vm             .\src\legacy_vm.obj                       3.66     1.80
main                  .\src\main.obj                            3.66     1.80
vm                    .\src\vm.obj                              3.66     1.80
startup               .\startup.obj                             -.--     1.80
UIDIVLW               C:/lapis/LEXIDE/BuildTools/Ver.20241126/Lib/U16\longu8.lib -.--     1.04
CIDIMOLW              C:/lapis/LEXIDE/BuildTools/Ver.20241126/Lib/U16\longu8.lib -.--     1.04
IMULLW                C:/lapis/LEXIDE/BuildTools/Ver.20241126/Lib/U16\longu8.lib -.--     1.04
abs                   C:/lapis/LEXIDE/BuildTools/Ver.20241126/Lib/U16\LU8100LW.LIB -.--     1.04


Number of Modules: 9

Number of Symbols:
 +---------------------------------------------------------------------------+
 |          | CODE | DATA | BIT  |NVDATA|NVBIT |TABLE |NUMBER| TBIT || total |
 |----------+------+------+------+------+------+------+------+------++-------|
 | SEGMENT  |    38|     2|     0|     0|     0|     9|      |      ||     49|
 |----------+------+------+------+------+------+------+------+------++-------|
 | COMMUNAL |     0|     0|     0|     0|     0|     0|      |      ||      0|
 |----------+------+------+------+------+------+------+------+------++-------|
 | PUBLIC   |    37|     1|     0|     0|     0|     6|     0|     0||     44|
 +---------------------------------------------------------------------------+

Target:  ML620909 
Model:   LARGE


Memory Map - Program memory space #0:
      Type     Start      Stop
     -----------------------------
      ROM      00:0000    00:FFFF

Memory Map - Data memory space #0:
      Type     Start      Stop
     -----------------------------
      RAM      00:9000    00:FFFF

Memory Map - Memory space above #1:
      Type     Start      Stop
     -----------------------------
      ROM      01:0000    05:DFFF
      ROM      07:0000    07:1FFF
      ROM      08:0000    0D:DFFF
      ROM      0F:0000    0F:1FFF
      ROM      17:0000    17:1FFF
      ROM      1F:0000    1F:1FFF

                         ------------------
                          Segment Synopsis
                         ------------------

Link Map - Program memory space #0 ( ROMWINDOW: 0000 - 8FFF )

      Type     Start      Stop       Size              Name
     -------------------------------------------------------
      S CODE   00:0000    00:01D3    01D4(468)         (absolute)
*OVL* S CODE   00:0002    00:0003    0002(2)           (absolute)
      S TABLE  00:01D4    00:01E0    000D(13)          $$TABmsg$vm
>GAP<          00:01E1    00:01E1    0001(1)           (ROM)
      S TABLE  00:01E2    00:11E1    1000(4096)        $$TABimage_raw$io
      S TABLE  00:11E2    00:11F6    0015(21)          $$TABerror$vm
>GAP<          00:11F7    00:11F7    0001(1)           (ROM)
      S CODE   00:11F8    00:11F9    0002(2)           $$custom_break$main
      S CODE   00:11FA    00:122B    0032(50)          $$invalid_instruction$vm
      S CODE   00:122C    00:12EF    00C4(196)         $$drawbitmap$io
      S CODE   00:12F0    00:12F9    000A(10)          $$main$main
      S CODE   00:12FA    00:1367    006E(110)         $$print$io
      S TABLE  00:1368    00:1369    0002(2)           $$NINITTAB


Link Map - Data memory space #0

      Type     Start      Stop       Size              Name
     -------------------------------------------------------
      Q ROMWIN 00:0000    00:8FFF    9000(36864)       (ROMWIN)
>GAP<          00:9000.0  00:EBFD.7  5BFE.0(23550.0)   (RAM)
      S DATA   00:EBFE    00:EFFD    0400(1024)        $STACK
      S DATA   00:EFFE    00:EFFF    0002(2)           $$NINITVAR
      Q SFR    00:F000    00:FFFF    1000(4096)        (SFR)


Not Linked segments:

      Module Name         Type       Size              Segment Name 
     --------------------------------------------------------------
      io
                          TABLE      0040(64)          $$TABbutton_to_char_alt$io
                          TABLE      0040(64)          $$TABbutton_to_char_abc$io
                          CODE       0032(50)          $$charprint1$io
                          CODE       0032(50)          $$charprint2$io
                          CODE       00F2(242)         $$set_pixel$io
                          CODE       003E(62)          $$CheckButtons$io
                          TABLE      0040(64)          $$TABbutton_to_char$io
                          CODE       0094(148)         $$plot_line$io
                          CODE       0062(98)          $$render$io
                          CODE       0062(98)          $$draw_byte1$io
                          CODE       006C(108)         $$draw_byte2$io
     --------------------------------------------------------------
      legacy_vm
                          CODE       0068(104)         $$lload_from_rom$legacy_vm
                          CODE       0030(48)          $$lmemcpy$legacy_vm
                          CODE       0028(40)          $$lwrite_byte$legacy_vm
                          CODE       0034(52)          $$lkill$legacy_vm
                          CODE       0020(32)          $$lread_byte$legacy_vm
                          CODE       0042(66)          $$lcmp_flags_byte$legacy_vm
                          TABLE      0200(512)         $$NTABlexc_instruction$legacy_vm
                          CODE       0020(32)          $$lread_word$legacy_vm
                          CODE       0058(88)          $$lcmp_flags_word$legacy_vm
                          TABLE      0000(0)           $$NTABlegacy_vm
                          CODE       0A5E(2654)        $$lexc_instruction$legacy_vm
                          CODE       0028(40)          $$lwrite_word$legacy_vm
                          CODE       006C(108)         $$linit_prog$legacy_vm
     --------------------------------------------------------------
      vm
                          CODE       0044(68)          $$del_index$vm
                          CODE       0022(34)          $$kill$vm
                          CODE       0034(52)          $$load_from_rom$vm
                          CODE       0018(24)          $$read_byte$vm
                          CODE       0002(2)           $$init_prog$vm
                          CODE       006E(110)         $$bubble_sortw$vm
                          CODE       0046(70)          $$get_program_start$vm
                          CODE       0030(48)          $$memcpy$vm
     --------------------------------------------------------------
      UIDIVLW
                          CODE       000C(12)          $$uidivu8lw
     --------------------------------------------------------------
      CIDIMOLW
                          CODE       0040(64)          $$cidimou8lw
     --------------------------------------------------------------
      IMULLW
                          CODE       002A(42)          $$imulu8lw
     --------------------------------------------------------------
      abs
                          CODE       0016(22)          $$XFCODabs
     --------------------------------------------------------------


Total size (CODE  ) = 00346   (838)
Total size (DATA  ) = 00402   (1026)
Total size (BIT   ) = 00000.0 (0.0)
Total size (NVDATA) = 00000   (0)
Total size (NVBIT ) = 00000.0 (0.0)
Total size (TABLE ) = 01024   (4132)

          -----------------------
           Symbol Table Synopsis
          -----------------------

Module         Value     Type         Symbol
------         -----     ----------   ------
io

Module         Value     Type         Symbol
------         -----     ----------   ------
legacy_vm

Module         Value     Type         Symbol
------         -----     ----------   ------
main

Module         Value     Type         Symbol
------         -----     ----------   ------
vm

Module         Value     Type         Symbol
------         -----     ----------   ------
abs


Total ROM usage = 0136A   (4970)
Total RAM usage = 00402   (1026)

End of mapfile.

Warning W025: Cannot find segment '$$content_of_init'
Warning W025: Cannot find segment '$$end_of_init'
Warning W025: Cannot find segment '$$init_info'
Warning W025: Cannot find segment '$$init_info_end'
Warning W011: CODE/TABLE segments overlap